python : Traceback (most recent call last):
No linha:1 caractere:210
+ ... yContinue ; python audit/quick_validation_test.py > test_output.txt 2 ...
+                 ~~~~~~~~~~~~~~~~~~~~~~~~~~~~~~~~~~~~~~~~~~~~~~~~~~~~~~~~~
    + CategoryInfo          : NotSpecified: (Traceback (most recent call last)::String) [], RemoteException
    + FullyQualifiedErrorId : NativeCommandError
 
  File "C:\Users\gleilsonpedro\OneDrive\┴rea de 
Trabalho\PYTHON\MESTRADO\XAI\Explanation_With_Rejection_final\audit\quick_validation_test.py", line 21, in 
test_quick_validation
    validar_metodo(method, dataset)
  File "C:\Users\gleilsonpedro\OneDrive\┴rea de 
Trabalho\PYTHON\MESTRADO\XAI\Explanation_With_Rejection_final\peab_validation.py", line 549, in validar_metodo
    print(f"\n{'\u2550'*70}")
  File "C:\Users\gleilsonpedro\AppData\Local\Programs\Python\Python311\Lib\encodings\cp1252.py", line 19, in 
encode
    return codecs.charmap_encode(input,self.errors,encoding_table)[0]
           ^^^^^^^^^^^^^^^^^^^^^^^^^^^^^^^^^^^^^^^^^^^^^^^^^^^^^^^
UnicodeEncodeError: 'charmap' codec can't encode characters in position 2-71: character maps to <undefined>

================================================================================
VALIDANDO PEAB - VERTEBRAL_COLUMN
================================================================================

ERRO durante validacao: 'charmap' codec can't encode characters in position 2-71: character maps to <undefined>

================================================================================
Comparacao esperada:
  ANTES DA CORRECAO:
    Positivas: 0%    (ERRADO - eram marcadas como redundantes)
    Negativas: 99%   (correto)
    Rejeitadas: 99%  (correto)

  APOS A CORRECAO:
    Positivas: >50%  (melhorado - teste adversarial correto)
    Negativas: >80%  (mantem bom)
    Rejeitadas: >90% (mantem otimo)
================================================================================
